BL51 BANKED LINKER/LOCATER V6.22                                                        11/10/2017  22:21:31  PAGE 1


BL51 BANKED LINKER/LOCATER V6.22, INVOKED BY:
D:\KEIL\C51\BIN\BL51.EXE STARTUP.obj, Delay.obj, I2C.obj, LCD.obj, main_transmitter.obj, tmp100.obj, KXTJ9.obj, NVRF.obj
>> , fftmisc.obj, fourierf.obj TO Transceiver


MEMORY MODEL: LARGE WITH FLOATING POINT ARITHMETIC


INPUT MODULES INCLUDED:
  STARTUP.obj (?C_STARTUP)
  Delay.obj (DELAY)
  I2C.obj (I2C)
  LCD.obj (LCD)
  main_transmitter.obj (MAIN_TRANSMITTER)
  tmp100.obj (TMP100)
  KXTJ9.obj (KXTJ9)
  NVRF.obj (NVRF)
  fftmisc.obj (FFTMISC)
  fourierf.obj (FOURIERF)
  D:\KEIL\C51\LIB\C51FPL.LIB (?C?FPADD)
  D:\KEIL\C51\LIB\C51FPL.LIB (?C?FPMUL)
  D:\KEIL\C51\LIB\C51FPL.LIB (?C?FPDIV)
  D:\KEIL\C51\LIB\C51FPL.LIB (?C?FPNEG)
  D:\KEIL\C51\LIB\C51FPL.LIB (?C?FCAST)
  D:\KEIL\C51\LIB\C51FPL.LIB (?C?CASTF)
  D:\KEIL\C51\LIB\C51FPL.LIB (PRINTF)
  D:\KEIL\C51\LIB\C51FPL.LIB (SIN)
  D:\KEIL\C51\LIB\C51FPL.LIB (?C?FPGETOPN)
  D:\KEIL\C51\LIB\C51FPL.LIB (?C?FPROUND)
  D:\KEIL\C51\LIB\C51FPL.LIB (?C?FPCONVERT)
  D:\KEIL\C51\LIB\C51FPL.LIB (?C?FPSERIES)
  D:\KEIL\C51\LIB\C51FPL.LIB (?C?FTNPWR)
  D:\KEIL\C51\LIB\C51L.LIB (?C_INIT)
  D:\KEIL\C51\LIB\C51L.LIB (?C?COPY)
  D:\KEIL\C51\LIB\C51L.LIB (?C?CLDPTR)
  D:\KEIL\C51\LIB\C51L.LIB (?C?CLDOPTR)
  D:\KEIL\C51\LIB\C51L.LIB (?C?CSTPTR)
  D:\KEIL\C51\LIB\C51L.LIB (?C?CSTOPTR)
  D:\KEIL\C51\LIB\C51L.LIB (?C?ILDIX)
  D:\KEIL\C51\LIB\C51L.LIB (?C?ILDPTR)
  D:\KEIL\C51\LIB\C51L.LIB (?C?ISTPTR)
  D:\KEIL\C51\LIB\C51L.LIB (?C?LNEG)
  D:\KEIL\C51\LIB\C51L.LIB (?C?LLDPTR)
  D:\KEIL\C51\LIB\C51L.LIB (?C?LLDOPTR)
  D:\KEIL\C51\LIB\C51L.LIB (?C?LSTPTR)
  D:\KEIL\C51\LIB\C51L.LIB (?C?LSTOPTR)
  D:\KEIL\C51\LIB\C51L.LIB (?C?LLDCODE)
  D:\KEIL\C51\LIB\C51L.LIB (?C?LLDXDATA0)
  D:\KEIL\C51\LIB\C51L.LIB (?C?LLDCODE0)
  D:\KEIL\C51\LIB\C51L.LIB (?C?LSTXDATA)
  D:\KEIL\C51\LIB\C51L.LIB (?C?LSTKXDATA)
  D:\KEIL\C51\LIB\C51L.LIB (?C?PLDIXDATA)
  D:\KEIL\C51\LIB\C51L.LIB (?C?PSTXDATA)
  D:\KEIL\C51\LIB\C51L.LIB (?C?CCASE)
  D:\KEIL\C51\LIB\C51L.LIB (PUTCHAR)
  D:\KEIL\C51\LIB\C51L.LIB (?C?LLDIDATA)
  D:\KEIL\C51\LIB\C51L.LIB (?C?LLDXDATA)
  D:\KEIL\C51\LIB\C51L.LIB (?C?LLDPDATA)
BL51 BANKED LINKER/LOCATER V6.22                                                      11/10/2017  22:21:31  PAGE 2


  D:\KEIL\C51\LIB\C51L.LIB (?C?LSTIDATA)
  D:\KEIL\C51\LIB\C51L.LIB (?C?LSTPDATA)


LINK MAP OF MODULE:  Transceiver (?C_STARTUP)


            TYPE    BASE      LENGTH    RELOCATION   SEGMENT NAME
            -----------------------------------------------------

            * * * * * * *   D A T A   M E M O R Y   * * * * * * *
            REG     0000H     0008H     ABSOLUTE     "REG BANK 0"
            DATA    0008H     0005H     UNIT         _DATA_GROUP_
                    000DH     0013H                  *** GAP ***
            BIT     0020H.0   0001H.1   UNIT         _BIT_GROUP_
                    0021H.1   0000H.7                *** GAP ***
            IDATA   0022H     0001H     UNIT         ?STACK

            * * * * * * *  X D A T A   M E M O R Y  * * * * * * *
            XDATA   0000H     0010H     ABSOLUTE     
            XDATA   0010H     015DH     UNIT         _XDATA_GROUP_
            XDATA   016DH     007AH     UNIT         ?XD?MAIN_TRANSMITTER
            XDATA   01E7H     0005H     UNIT         ?XD?_CRC_PACKET?MAIN_TRANSMITTER
            XDATA   01ECH     0004H     UNIT         ?XD?_WAIT?DELAY
            XDATA   01F0H     0004H     UNIT         ?XD?_WAIT1?NVRF
            XDATA   01F4H     0004H     UNIT         ?XD?_PMU_CONF?NVRF
            XDATA   01F8H     0004H     UNIT         ?XD?_INDEX_TO_FREQUENCY?FFTMISC
            XDATA   01FCH     0002H     UNIT         ?XD?_LCD_SHOW?LCD
            XDATA   01FEH     0002H     UNIT         ?XD?LCD

            * * * * * * *   C O D E   M E M O R Y   * * * * * * *
            CODE    0000H     0003H     ABSOLUTE     
            CODE    0003H     08C4H     UNIT         ?C?LIB_CODE
            CODE    08C7H     0483H     UNIT         ?PR?PRINTF?PRINTF
            CODE    0D4AH     01DAH     INBLOCK      ?PR?_KXTJ9_GET_ACCELERATION?KXTJ9
            CODE    0F24H     009CH     INBLOCK      ?PR?_INDEX_TO_FREQUENCY?FFTMISC
            CODE    0FC0H     0040H     UNIT         ?CO?MAIN_TRANSMITTER
            CODE    1000H     0752H     INBLOCK      ?PR?_FFT_FLOAT?FOURIERF
            CODE    1752H     0188H     UNIT         ?PR?SIN?SIN
            CODE    18DAH     015BH     INBLOCK      ?PR?MAIN?MAIN_TRANSMITTER
            CODE    1A35H     0113H     INBLOCK      ?PR?_I2C_R?I2C
            CODE    1B48H     00E4H     INBLOCK      ?PR?_I2C_W?I2C
            CODE    1C2CH     00DFH     INBLOCK      ?PR?_LCD_SHOW?LCD
            CODE    1D0BH     008CH     UNIT         ?C_C51STARTUP
            CODE    1D97H     0089H     INBLOCK      ?PR?KXTJ9_INIT?KXTJ9
            CODE    1E20H     007DH     INBLOCK      ?PR?_TMPSETRES?TMP100
            CODE    1E9DH     007AH     INBLOCK      ?PR?NVRF_CONFIG?NVRF
            CODE    1F17H     0079H     INBLOCK      ?PR?_KXTJ9_SET_RANGE?KXTJ9
            CODE    1F90H     006BH     INBLOCK      ?PR?_KXTJ9_SET_RESOLUTION?KXTJ9
            CODE    1FFBH     0001H     INBLOCK      ?PR?MYNOP?DELAY
                    1FFCH     0004H                  *** GAP ***
            CODE    2000H     005CH     INBLOCK      ?PR?_REVERSEBITS?FFTMISC
            CODE    205CH     005BH     INBLOCK      ?PR?TMPINIT?TMP100
            CODE    20B7H     004AH     INBLOCK      ?PR?_TMPGETTMPCONT?TMP100
            CODE    2101H     0049H     INBLOCK      ?PR?_WAIT1?NVRF
            CODE    214AH     0045H     INBLOCK      ?PR?_CRC_PACKET?MAIN_TRANSMITTER
            CODE    218FH     003EH     INBLOCK      ?PR?_HT1621WR_DATA?LCD
BL51 BANKED LINKER/LOCATER V6.22                                                      11/10/2017  22:21:31  PAGE 3


            CODE    21CDH     003EH     INBLOCK      ?PR?_CHECKPOINTER?FOURIERF
            CODE    220BH     003BH     INBLOCK      ?PR?_WAIT?DELAY
            CODE    2246H     0037H     INBLOCK      ?PR?_SEND_MESSAGE_ADD?MAIN_TRANSMITTER
            CODE    227DH     0037H     INBLOCK      ?PR?_NVRF_START?NVRF
            CODE    22B4H     0034H     INBLOCK      ?PR?_SEND_MESSAGE?MAIN_TRANSMITTER
            CODE    22E8H     002EH     INBLOCK      ?PR?_NUMBEROFBITSNEEDED?FFTMISC
            CODE    2316H     002AH     INBLOCK      ?PR?_CRC_BYTE?MAIN_TRANSMITTER
            CODE    2340H     0029H     INBLOCK      ?PR?_SEND_MESSAGE_PREPARE?MAIN_TRANSMITTER
            CODE    2369H     0027H     INBLOCK      ?PR?_DELAYMS?DELAY
            CODE    2390H     0027H     INBLOCK      ?PR?DRILL_BUFFER?NVRF
            CODE    23B7H     0027H     UNIT         ?PR?PUTCHAR?PUTCHAR
            CODE    23DEH     0025H     INBLOCK      ?PR?_SEND_MESSAGE_16_ADD?MAIN_TRANSMITTER
            CODE    2403H     0022H     INBLOCK      ?PR?_ISPOWEROFTWO?FFTMISC
            CODE    2425H     001EH     INBLOCK      ?PR?HT1621_INIT?LCD
            CODE    2443H     001CH     INBLOCK      ?PR?I2C_INITIAL?I2C
            CODE    245FH     001AH     UNIT         ?CO?FOURIERF
            CODE    2479H     0019H     INBLOCK      ?PR?_HT1621WRCMD?LCD
            CODE    2492H     0016H     INBLOCK      ?PR?_PMU_CONF?NVRF
            CODE    24A8H     0013H     INBLOCK      ?PR?_NVRF_WR?NVRF
            CODE    24BBH     0012H     INBLOCK      ?PR?_WRITE_SERIAL_PACKET?MAIN_TRANSMITTER
            CODE    24CDH     000FH     UNIT         ?CO?NVRF
            CODE    24DCH     0009H     INBLOCK      ?PR?_DELAYUS?DELAY
            CODE    24E5H     0009H     INBLOCK      ?PR?I2C_RST?I2C
            CODE    24EEH     0006H     UNIT         ?C_INITSEG
            CODE    24F4H     0006H     INBLOCK      ?PR?TMPPRE?TMP100
            CODE    24FAH     0006H     INBLOCK      ?PR?KXTJ9_PREP?KXTJ9



OVERLAY MAP OF MODULE:   Transceiver (?C_STARTUP)


SEGMENT                                             BIT_GROUP          DATA_GROUP          XDATA_GROUP
  +--> CALLED SEGMENT                            START    LENGTH     START    LENGTH     START    LENGTH
--------------------------------------------------------------------------------------------------------
?C_C51STARTUP                                    -----    -----      -----    -----      -----    -----
  +--> ?PR?MAIN?MAIN_TRANSMITTER
  +--> ?C_INITSEG

?PR?MAIN?MAIN_TRANSMITTER                        -----    -----      -----    -----      0010H    00C9H
  +--> ?CO?MAIN_TRANSMITTER
  +--> ?PR?TMPINIT?TMP100
  +--> ?PR?_TMPSETRES?TMP100
  +--> ?PR?_TMPGETTMPCONT?TMP100
  +--> ?PR?KXTJ9_INIT?KXTJ9
  +--> ?PR?_KXTJ9_SET_RESOLUTION?KXTJ9
  +--> ?PR?_KXTJ9_SET_RANGE?KXTJ9
  +--> ?PR?_KXTJ9_GET_ACCELERATION?KXTJ9
  +--> ?PR?_FFT_FLOAT?FOURIERF
  +--> ?PR?_SEND_MESSAGE?MAIN_TRANSMITTER

?PR?TMPINIT?TMP100                               -----    -----      -----    -----      00D9H    0002H
  +--> ?PR?TMPPRE?TMP100
  +--> ?PR?_I2C_W?I2C

?PR?TMPPRE?TMP100                                -----    -----      -----    -----      -----    -----
  +--> ?PR?I2C_RST?I2C
BL51 BANKED LINKER/LOCATER V6.22                                                      11/10/2017  22:21:31  PAGE 4


  +--> ?PR?I2C_INITIAL?I2C

?PR?_I2C_W?I2C                                   -----    -----      -----    -----      00E7H    0009H
  +--> ?PR?MYNOP?DELAY

?PR?_TMPSETRES?TMP100                            -----    -----      -----    -----      00D9H    0003H
  +--> ?PR?TMPPRE?TMP100
  +--> ?PR?_I2C_R?I2C
  +--> ?PR?_I2C_W?I2C

?PR?_I2C_R?I2C                                   -----    -----      -----    -----      00E7H    0009H
  +--> ?PR?MYNOP?DELAY

?PR?_TMPGETTMPCONT?TMP100                        -----    -----      -----    -----      00D9H    0005H
  +--> ?PR?_I2C_R?I2C

?PR?KXTJ9_INIT?KXTJ9                             -----    -----      -----    -----      00D9H    0002H
  +--> ?PR?KXTJ9_PREP?KXTJ9
  +--> ?PR?_I2C_W?I2C
  +--> ?PR?_I2C_R?I2C

?PR?KXTJ9_PREP?KXTJ9                             -----    -----      -----    -----      -----    -----
  +--> ?PR?I2C_RST?I2C
  +--> ?PR?I2C_INITIAL?I2C

?PR?_KXTJ9_SET_RESOLUTION?KXTJ9                  -----    -----      -----    -----      00D9H    0003H
  +--> ?PR?KXTJ9_PREP?KXTJ9
  +--> ?PR?_I2C_R?I2C
  +--> ?PR?_I2C_W?I2C

?PR?_KXTJ9_SET_RANGE?KXTJ9                       -----    -----      -----    -----      00D9H    0003H
  +--> ?PR?_I2C_R?I2C
  +--> ?PR?_I2C_W?I2C

?PR?_KXTJ9_GET_ACCELERATION?KXTJ9                -----    -----      -----    -----      00D9H    000EH
  +--> ?PR?_I2C_R?I2C
  +--> ?PR?_I2C_W?I2C

?PR?_FFT_FLOAT?FOURIERF                          -----    -----      -----    -----      00D9H    005EH
  +--> ?PR?_ISPOWEROFTWO?FFTMISC
  +--> ?CO?FOURIERF
  +--> ?PR?_CHECKPOINTER?FOURIERF
  +--> ?PR?_NUMBEROFBITSNEEDED?FFTMISC
  +--> ?PR?_REVERSEBITS?FFTMISC
  +--> ?PR?SIN?SIN

?PR?_CHECKPOINTER?FOURIERF                       -----    -----      -----    -----      0137H    0006H
  +--> ?CO?FOURIERF
  +--> ?PR?PRINTF?PRINTF

?PR?PRINTF?PRINTF                                0020H.0  0001H.1    0008H    0005H      013DH    0030H
  +--> ?PR?PUTCHAR?PUTCHAR

?PR?_REVERSEBITS?FFTMISC                         -----    -----      -----    -----      0137H    0006H

?PR?SIN?SIN                                      0020H.0  0000H.1    -----    -----      0137H    0004H

BL51 BANKED LINKER/LOCATER V6.22                                                      11/10/2017  22:21:31  PAGE 5


?PR?_SEND_MESSAGE?MAIN_TRANSMITTER               -----    -----      -----    -----      00D9H    0001H
  +--> ?PR?_WRITE_SERIAL_PACKET?MAIN_TRANSMI...

?PR?_WRITE_SERIAL_PACKET?MAIN_TRANSMI...         -----    -----      -----    -----      00DAH    0005H



SYMBOL TABLE OF MODULE:  Transceiver (?C_STARTUP)

  VALUE           TYPE          NAME
  ----------------------------------

  -------         MODULE        ?C_STARTUP
  C:1D0BH         SEGMENT       ?C_C51STARTUP
  I:0022H         SEGMENT       ?STACK
  C:0000H         PUBLIC        ?C_STARTUP
  D:00E0H         SYMBOL        ACC
  D:00F0H         SYMBOL        B
  D:0083H         SYMBOL        DPH
  D:0082H         SYMBOL        DPL
  N:0000H         SYMBOL        IBPSTACK
  N:0100H         SYMBOL        IBPSTACKTOP
  N:0080H         SYMBOL        IDATALEN
  C:1D0EH         SYMBOL        IDATALOOP
  N:0000H         SYMBOL        PBPSTACK
  N:0100H         SYMBOL        PBPSTACKTOP
  N:0000H         SYMBOL        PDATALEN
  N:0000H         SYMBOL        PDATASTART
  N:0000H         SYMBOL        PPAGE
  N:0000H         SYMBOL        PPAGEENABLE
  D:00A0H         SYMBOL        PPAGE_SFR
  D:0081H         SYMBOL        SP
  C:1D0BH         SYMBOL        STARTUP1
  N:0000H         SYMBOL        XBPSTACK
  N:0000H         SYMBOL        XBPSTACKTOP
  N:0000H         SYMBOL        XDATALEN
  N:0000H         SYMBOL        XDATASTART
  C:0000H         LINE#         126
  C:1D0BH         LINE#         133
  C:1D0DH         LINE#         134
  C:1D0EH         LINE#         135
  C:1D0FH         LINE#         136
  C:1D11H         LINE#         185
  C:1D14H         LINE#         196
  -------         ENDMOD        ?C_STARTUP

  -------         MODULE        DELAY
  C:0000H         SYMBOL        _ICE_DUMMY_
  C:2369H         PUBLIC        _DelayMS
  C:24DCH         PUBLIC        _DelayUS
  C:220BH         PUBLIC        _wait
  C:1FFBH         PUBLIC        myNOP
  -------         PROC          _WAIT
  X:01ECH         SYMBOL        m
  X:01EEH         SYMBOL        n
  -------         DO            
  D:0006H         SYMBOL        temp1
BL51 BANKED LINKER/LOCATER V6.22                                                      11/10/2017  22:21:31  PAGE 6


  D:0004H         SYMBOL        temp2
  -------         ENDDO         
  C:220BH         LINE#         4
  C:2219H         LINE#         7
  C:2228H         LINE#         8
  C:223EH         LINE#         9
  C:2245H         LINE#         10
  -------         ENDPROC       _WAIT
  -------         PROC          _DELAYUS
  D:0007H         SYMBOL        ten_us
  C:24DCH         LINE#         12
  C:24DCH         LINE#         13
  C:24E2H         LINE#         14
  C:24E4H         LINE#         15
  -------         ENDPROC       _DELAYUS
  -------         PROC          _DELAYMS
  D:0004H         SYMBOL        iMs
  -------         DO            
  D:0002H         SYMBOL        i
  D:0082H         SYMBOL        j
  -------         ENDDO         
  C:2369H         LINE#         17
  C:236DH         LINE#         19
  C:2377H         LINE#         20
  C:237AH         LINE#         21
  C:237FH         LINE#         22
  C:238FH         LINE#         23
  -------         ENDPROC       _DELAYMS
  -------         PROC          MYNOP
  C:1FFBH         LINE#         25
  C:1FFBH         LINE#         29
  -------         ENDPROC       MYNOP
  -------         ENDMOD        DELAY

  -------         MODULE        I2C
  C:0000H         SYMBOL        _ICE_DUMMY_
  D:0080H         PUBLIC        P0
  D:0090H         PUBLIC        P1
  B:00A8H.7       PUBLIC        EA
  C:2443H         PUBLIC        I2C_initial
  C:1A35H         PUBLIC        _I2C_r
  C:1B48H         PUBLIC        _I2C_w
  D:00B1H         PUBLIC        P3CTRL
  B:0080H.1       PUBLIC        TIP
  C:24E5H         PUBLIC        I2C_rst
  -------         PROC          _I2C_W
  D:0007H         SYMBOL        sv_adr
  X:00E8H         SYMBOL        mem_adr
  X:00E9H         SYMBOL        dat
  X:00ECH         SYMBOL        cnt
  -------         DO            
  X:00EEH         SYMBOL        i
  -------         ENDDO         
  C:1B48H         LINE#         4
  C:1B56H         LINE#         9
  C:1B59H         LINE#         10
  C:1B60H         LINE#         11
BL51 BANKED LINKER/LOCATER V6.22                                                      11/10/2017  22:21:31  PAGE 7


  C:1B63H         LINE#         14
  C:1B66H         LINE#         15
  C:1B69H         LINE#         16
  C:1B6CH         LINE#         19
  C:1B6FH         LINE#         21
  C:1B72H         LINE#         22
  C:1B75H         LINE#         27
  C:1B78H         LINE#         28
  C:1B7EH         LINE#         29
  C:1B81H         LINE#         32
  C:1B84H         LINE#         33
  C:1B87H         LINE#         34
  C:1B8AH         LINE#         37
  C:1B8DH         LINE#         39
  C:1B90H         LINE#         40
  C:1B93H         LINE#         45
  C:1BB6H         LINE#         47
  C:1BB9H         LINE#         48
  C:1BCDH         LINE#         49
  C:1BD0H         LINE#         52
  C:1BD3H         LINE#         53
  C:1BD6H         LINE#         54
  C:1BD9H         LINE#         58
  C:1BDCH         LINE#         60
  C:1BDFH         LINE#         61
  C:1BE2H         LINE#         63
  C:1BF2H         LINE#         66
  C:1BF5H         LINE#         67
  C:1C16H         LINE#         68
  C:1C19H         LINE#         71
  C:1C1CH         LINE#         72
  C:1C1FH         LINE#         73
  C:1C22H         LINE#         76
  C:1C25H         LINE#         78
  C:1C28H         LINE#         79
  C:1C2BH         LINE#         81
  -------         ENDPROC       _I2C_W
  -------         PROC          _I2C_R
  X:00E7H         SYMBOL        sv_adr
  X:00E8H         SYMBOL        mem_adr
  X:00E9H         SYMBOL        dat
  X:00ECH         SYMBOL        cnt
  -------         DO            
  X:00EEH         SYMBOL        i
  -------         ENDDO         
  C:1A35H         LINE#         83
  C:1A46H         LINE#         94
  C:1A49H         LINE#         95
  C:1A54H         LINE#         96
  C:1A57H         LINE#         99
  C:1A5AH         LINE#         100
  C:1A5DH         LINE#         101
  C:1A60H         LINE#         104
  C:1A63H         LINE#         106
  C:1A66H         LINE#         107
  C:1A69H         LINE#         112
  C:1A6CH         LINE#         113
BL51 BANKED LINKER/LOCATER V6.22                                                      11/10/2017  22:21:31  PAGE 8


  C:1A72H         LINE#         114
  C:1A75H         LINE#         117
  C:1A78H         LINE#         118
  C:1A7BH         LINE#         119
  C:1A7EH         LINE#         122
  C:1A81H         LINE#         124
  C:1A84H         LINE#         125
  C:1A87H         LINE#         130
  C:1A8AH         LINE#         131
  C:1A95H         LINE#         132
  C:1A98H         LINE#         135
  C:1A9BH         LINE#         136
  C:1A9EH         LINE#         137
  C:1AA1H         LINE#         140
  C:1AA4H         LINE#         142
  C:1AA7H         LINE#         143
  C:1AAAH         LINE#         147
  C:1ACCH         LINE#         165
  C:1ACFH         LINE#         166
  C:1AD2H         LINE#         167
  C:1AD5H         LINE#         170
  C:1AD8H         LINE#         172
  C:1ADBH         LINE#         173
  C:1ADEH         LINE#         177
  C:1AE1H         LINE#         178
  C:1AE4H         LINE#         182
  C:1AFFH         LINE#         183
  C:1B0FH         LINE#         203
  C:1B12H         LINE#         204
  C:1B15H         LINE#         205
  C:1B18H         LINE#         208
  C:1B1BH         LINE#         210
  C:1B1EH         LINE#         211
  C:1B21H         LINE#         215
  C:1B24H         LINE#         216
  C:1B27H         LINE#         221
  -------         ENDPROC       _I2C_R
  -------         PROC          I2C_RST
  C:24E5H         LINE#         225
  C:24E5H         LINE#         226
  C:24E7H         LINE#         230
  C:24EAH         LINE#         232
  C:24EDH         LINE#         233
  -------         ENDPROC       I2C_RST
  -------         PROC          I2C_INITIAL
  C:2443H         LINE#         235
  C:2443H         LINE#         237
  C:2446H         LINE#         238
  C:2449H         LINE#         239
  C:244CH         LINE#         240
  C:244FH         LINE#         241
  C:2452H         LINE#         244
  C:2455H         LINE#         245
  C:2458H         LINE#         246
  C:245BH         LINE#         247
  C:245EH         LINE#         248
  -------         ENDPROC       I2C_INITIAL
BL51 BANKED LINKER/LOCATER V6.22                                                      11/10/2017  22:21:31  PAGE 9


  -------         ENDMOD        I2C

  -------         MODULE        LCD
  C:0000H         SYMBOL        _ICE_DUMMY_
  C:2425H         PUBLIC        Ht1621_Init
  D:00A0H         PUBLIC        P2
  B:00A0H.7       PUBLIC        CS
  C:218FH         PUBLIC        _Ht1621Wr_Data
  B:00A0H.5       PUBLIC        DAT
  B:00A0H.6       PUBLIC        CLK
  X:01FEH         PUBLIC        ttt
  C:2479H         PUBLIC        _Ht1621WrCmd
  C:1C2CH         PUBLIC        _LCD_show
  -------         PROC          _HT1621WR_DATA
  D:0007H         SYMBOL        Data
  D:0005H         SYMBOL        cnt
  -------         DO            
  D:0006H         SYMBOL        i
  -------         ENDDO         
  C:218FH         LINE#         10
  C:218FH         LINE#         12
  C:2196H         LINE#         13
  C:2198H         LINE#         14
  C:219FH         LINE#         16
  C:21A3H         LINE#         17
  C:21A5H         LINE#         18
  C:21A7H         LINE#         19
  C:21A7H         LINE#         20
  C:21A9H         LINE#         21
  C:21A9H         LINE#         23
  C:21B1H         LINE#         24
  C:21B3H         LINE#         25
  C:21BCH         LINE#         27
  C:21C0H         LINE#         28
  C:21C9H         LINE#         29
  C:21CCH         LINE#         30
  -------         ENDPROC       _HT1621WR_DATA
  -------         PROC          _HT1621WRCMD
  D:0004H         SYMBOL        Cmd
  C:2479H         LINE#         37
  C:247BH         LINE#         38
  C:247DH         LINE#         39
  C:2484H         LINE#         40
  C:248BH         LINE#         41
  C:248DH         LINE#         42
  -------         ENDPROC       _HT1621WRCMD
  -------         PROC          HT1621_INIT
  C:2425H         LINE#         65
  C:2425H         LINE#         70
  C:242AH         LINE#         71
  C:242FH         LINE#         72
  C:2434H         LINE#         73
  C:2439H         LINE#         74
  C:243EH         LINE#         75
  -------         ENDPROC       HT1621_INIT
  -------         PROC          _LCD_SHOW
  X:01FCH         SYMBOL        solar_time
BL51 BANKED LINKER/LOCATER V6.22                                                      11/10/2017  22:21:31  PAGE 10


  -------         DO            
  D:0004H         SYMBOL        i
  -------         ENDDO         
  C:1C2CH         LINE#         96
  C:1C34H         LINE#         98
  C:1C36H         LINE#         99
  C:1C3DH         LINE#         100
  C:1C44H         LINE#         101
  C:1C46H         LINE#         102
  C:1C85H         LINE#         103
  C:1C8BH         LINE#         104
  C:1C91H         LINE#         105
  C:1C97H         LINE#         106
  C:1C9DH         LINE#         107
  C:1CA3H         LINE#         108
  C:1CA9H         LINE#         109
  C:1CAFH         LINE#         110
  C:1CB5H         LINE#         111
  C:1CBBH         LINE#         112
  C:1CC1H         LINE#         113
  C:1CC7H         LINE#         114
  C:1CCDH         LINE#         115
  C:1CD3H         LINE#         116
  C:1CD9H         LINE#         117
  C:1CDFH         LINE#         118
  C:1CE5H         LINE#         119
  C:1CECH         LINE#         120
  C:1CECH         LINE#         121
  C:1D00H         LINE#         122
  C:1D08H         LINE#         123
  C:1D0AH         LINE#         125
  -------         ENDPROC       _LCD_SHOW
  -------         ENDMOD        LCD

  -------         MODULE        MAIN_TRANSMITTER
  C:0000H         SYMBOL        _ICE_DUMMY_
  D:0080H         PUBLIC        P0
  X:016DH         PUBLIC        send_prepare
  C:2246H         PUBLIC        _send_message_add
  D:00A0H         PUBLIC        P2
  D:00B0H         PUBLIC        P3
  C:214AH         SYMBOL        _crc_packet
  C:18DAH         PUBLIC        main
  C:0FC0H         SYMBOL        _?ix1000
  C:23DEH         PUBLIC        _send_message_16_add
  C:2340H         PUBLIC        _send_message_prepare
  C:2316H         SYMBOL        _crc_byte
  X:01E5H         PUBLIC        send_prepare_counter
  C:24BBH         PUBLIC        _write_serial_packet
  C:22B4H         PUBLIC        _send_message
  -------         PROC          _CRC_BYTE
  D:0002H         SYMBOL        crc
  D:0005H         SYMBOL        b
  -------         DO            
  D:0005H         SYMBOL        i
  -------         ENDDO         
  C:2316H         LINE#         15
BL51 BANKED LINKER/LOCATER V6.22                                                      11/10/2017  22:21:31  PAGE 11


  C:231AH         LINE#         16
  C:231AH         LINE#         18
  C:231DH         LINE#         19
  C:231FH         LINE#         21
  C:2323H         LINE#         22
  C:2332H         LINE#         24
  C:2339H         LINE#         25
  C:233BH         LINE#         27
  C:233FH         LINE#         28
  -------         ENDPROC       _CRC_BYTE
  -------         PROC          _CRC_PACKET
  X:01E7H         SYMBOL        dat
  X:01EAH         SYMBOL        len
  -------         DO            
  D:0006H         SYMBOL        crc
  -------         ENDDO         
  C:214AH         LINE#         30
  C:215BH         LINE#         31
  C:215BH         LINE#         32
  C:215EH         LINE#         34
  C:2175H         LINE#         35
  C:218EH         LINE#         37
  C:218EH         LINE#         38
  -------         ENDPROC       _CRC_PACKET
  -------         PROC          _SEND_MESSAGE_PREPARE
  D:0007H         SYMBOL        am_type
  C:2340H         LINE#         40
  C:2340H         LINE#         41
  C:2340H         LINE#         42
  C:2346H         LINE#         43
  C:234AH         LINE#         44
  C:234DH         LINE#         45
  C:2351H         LINE#         46
  C:2353H         LINE#         47
  C:2356H         LINE#         48
  C:2358H         LINE#         49
  C:235AH         LINE#         50
  C:235CH         LINE#         51
  C:235FH         LINE#         52
  C:2368H         LINE#         53
  -------         ENDPROC       _SEND_MESSAGE_PREPARE
  -------         PROC          _SEND_MESSAGE_ADD
  D:0007H         SYMBOL        byte
  C:2246H         LINE#         54
  C:2246H         LINE#         55
  C:2246H         LINE#         57
  C:2257H         LINE#         58
  C:2257H         LINE#         59
  C:225BH         LINE#         60
  C:2260H         LINE#         61
  C:2260H         LINE#         63
  C:2260H         LINE#         64
  C:2278H         LINE#         65
  C:227CH         LINE#         66
  C:227CH         LINE#         67
  -------         ENDPROC       _SEND_MESSAGE_ADD
  -------         PROC          _SEND_MESSAGE_16_ADD
BL51 BANKED LINKER/LOCATER V6.22                                                      11/10/2017  22:21:31  PAGE 12


  D:0002H         SYMBOL        b2
  C:23DEH         LINE#         69
  C:23E2H         LINE#         70
  C:23E2H         LINE#         71
  C:23F3H         LINE#         72
  C:23F3H         LINE#         73
  C:23F8H         LINE#         74
  C:23F8H         LINE#         75
  C:23FDH         LINE#         76
  C:2402H         LINE#         77
  -------         ENDPROC       _SEND_MESSAGE_16_ADD
  -------         PROC          _WRITE_SERIAL_PACKET
  X:00DAH         SYMBOL        dat
  X:00DDH         SYMBOL        len
  C:24BBH         LINE#         79
  C:24CCH         LINE#         82
  -------         ENDPROC       _WRITE_SERIAL_PACKET
  -------         PROC          _SEND_MESSAGE
  X:00D9H         SYMBOL        a
  C:22B4H         LINE#         84
  C:22B9H         LINE#         85
  C:22B9H         LINE#         86
  C:22CAH         LINE#         87
  C:22CAH         LINE#         88
  C:22D5H         LINE#         90
  C:22DEH         LINE#         91
  C:22E3H         LINE#         92
  C:22E3H         LINE#         94
  C:22E3H         LINE#         95
  C:22E7H         LINE#         96
  C:22E7H         LINE#         97
  -------         ENDPROC       _SEND_MESSAGE
  -------         PROC          MAIN
  -------         DO            
  X:0010H         SYMBOL        acc_x
  X:0012H         SYMBOL        acc_y
  X:0014H         SYMBOL        acc_z
  X:0016H         SYMBOL        tmp
  X:0018H         SYMBOL        i
  X:0019H         SYMBOL        ImagIn
  X:0059H         SYMBOL        ImagOut
  X:0099H         SYMBOL        RealOut
  -------         ENDDO         
  C:18DAH         LINE#         18
  C:18DAH         LINE#         19
  C:18DAH         LINE#         23
  C:18EDH         LINE#         60
  C:18F0H         LINE#         61
  C:18F7H         LINE#         65
  C:1900H         LINE#         66
  C:190DH         LINE#         67
  C:1910H         LINE#         72
  C:1913H         LINE#         73
  C:191AH         LINE#         74
  C:1921H         LINE#         77
  C:1927H         LINE#         78
  C:1927H         LINE#         79
BL51 BANKED LINKER/LOCATER V6.22                                                      11/10/2017  22:21:31  PAGE 13


  C:194AH         LINE#         80
  C:1968H         LINE#         81
  C:1978H         LINE#         82
  C:1996H         LINE#         83
  C:19A6H         LINE#         84
  C:19C4H         LINE#         85
  C:19D4H         LINE#         86
  C:19E2H         LINE#         103
  C:19EBH         LINE#         104
  C:19F8H         LINE#         105
  C:19FBH         LINE#         111
  C:1A30H         LINE#         114
  -------         ENDPROC       MAIN
  -------         ENDMOD        MAIN_TRANSMITTER

  -------         MODULE        TMP100
  C:0000H         SYMBOL        _ICE_DUMMY_
  D:0080H         PUBLIC        P0
  D:00A0H         PUBLIC        P2
  C:1E20H         PUBLIC        _tmpSetRes
  C:20B7H         PUBLIC        _tmpGetTmpCont
  C:205CH         PUBLIC        tmpInit
  C:24F4H         PUBLIC        tmpPre
  -------         PROC          TMPPRE
  C:24F4H         LINE#         14
  C:24F4H         LINE#         15
  C:24F7H         LINE#         16
  -------         ENDPROC       TMPPRE
  -------         PROC          TMPINIT
  -------         DO            
  X:00D9H         SYMBOL        cmd
  -------         ENDDO         
  C:205CH         LINE#         29
  C:205CH         LINE#         32
  C:205FH         LINE#         35
  C:2065H         LINE#         36
  C:2068H         LINE#         37
  C:207CH         LINE#         38
  C:2082H         LINE#         39
  C:2085H         LINE#         40
  C:2099H         LINE#         41
  C:209FH         LINE#         42
  C:20A2H         LINE#         43
  -------         ENDPROC       TMPINIT
  -------         PROC          _TMPSETRES
  X:00D9H         SYMBOL        res
  -------         DO            
  X:00DBH         SYMBOL        cmd
  -------         ENDDO         
  C:1E20H         LINE#         54
  C:1E28H         LINE#         57
  C:1E2BH         LINE#         65
  C:1E40H         LINE#         67
  C:1E4BH         LINE#         68
  C:1E52H         LINE#         69
  C:1E58H         LINE#         70
  C:1E63H         LINE#         71
BL51 BANKED LINKER/LOCATER V6.22                                                      11/10/2017  22:21:31  PAGE 14


  C:1E70H         LINE#         72
  C:1E79H         LINE#         73
  C:1E7FH         LINE#         74
  C:1E88H         LINE#         76
  -------         ENDPROC       _TMPSETRES
  -------         PROC          _TMPGETTMPCONT
  X:00D9H         SYMBOL        tmp
  -------         DO            
  X:00DCH         SYMBOL        dataRead
  -------         ENDDO         
  C:20B7H         LINE#         140
  C:20C2H         LINE#         146
  C:20D7H         LINE#         147
  C:20EDH         LINE#         153
  -------         ENDPROC       _TMPGETTMPCONT
  -------         ENDMOD        TMP100

  -------         MODULE        KXTJ9
  C:0000H         SYMBOL        _ICE_DUMMY_
  D:0080H         PUBLIC        P0
  D:00A0H         PUBLIC        P2
  D:00B0H         PUBLIC        P3
  C:24FAH         PUBLIC        KXTJ9_prep
  C:1F90H         PUBLIC        _KXTJ9_Set_Resolution
  C:0D4AH         PUBLIC        _KXTJ9_Get_Acceleration
  C:1F17H         PUBLIC        _KXTJ9_Set_Range
  C:1D97H         PUBLIC        KXTJ9_Init
  -------         PROC          KXTJ9_PREP
  C:24FAH         LINE#         7
  C:24FAH         LINE#         8
  C:24FDH         LINE#         9
  -------         ENDPROC       KXTJ9_PREP
  -------         PROC          KXTJ9_INIT
  -------         DO            
  X:00D9H         SYMBOL        cmd
  -------         ENDDO         
  C:1D97H         LINE#         14
  C:1D97H         LINE#         18
  C:1D9AH         LINE#         20
  C:1DA0H         LINE#         21
  C:1DB5H         LINE#         23
  C:1DB5H         LINE#         24
  C:1DCAH         LINE#         26
  C:1DD1H         LINE#         30
  C:1DD3H         LINE#         31
  C:1DE7H         LINE#         34
  C:1DECH         LINE#         35
  C:1E00H         LINE#         38
  C:1E0AH         LINE#         39
  -------         ENDPROC       KXTJ9_INIT
  -------         PROC          _KXTJ9_SET_RESOLUTION
  X:00D9H         SYMBOL        high
  -------         DO            
  X:00DBH         SYMBOL        cmd
  -------         ENDDO         
  C:1F90H         LINE#         52
  C:1F98H         LINE#         56
BL51 BANKED LINKER/LOCATER V6.22                                                      11/10/2017  22:21:31  PAGE 15


  C:1F9BH         LINE#         59
  C:1FB0H         LINE#         61
  C:1FB7H         LINE#         62
  C:1FBAH         LINE#         63
  C:1FCFH         LINE#         64
  C:1FCFH         LINE#         66
  C:1FDCH         LINE#         67
  C:1FE2H         LINE#         69
  C:1FE6H         LINE#         71
  -------         ENDPROC       _KXTJ9_SET_RESOLUTION
  -------         PROC          _KXTJ9_SET_RANGE
  X:00D9H         SYMBOL        range
  -------         DO            
  X:00DBH         SYMBOL        cmd
  -------         ENDDO         
  C:1F17H         LINE#         76
  C:1F1FH         LINE#         81
  C:1F34H         LINE#         83
  C:1F3BH         LINE#         84
  C:1F3EH         LINE#         85
  C:1F53H         LINE#         86
  C:1F53H         LINE#         88
  C:1F5AH         LINE#         89
  C:1F67H         LINE#         90
  C:1F6EH         LINE#         91
  C:1F74H         LINE#         92
  C:1F7BH         LINE#         95
  -------         ENDPROC       _KXTJ9_SET_RANGE
  -------         PROC          _KXTJ9_GET_ACCELERATION
  X:00D9H         SYMBOL        a_x
  X:00DCH         SYMBOL        a_y
  X:00DFH         SYMBOL        a_z
  -------         DO            
  X:00E2H         SYMBOL        cmd
  X:00E3H         SYMBOL        data_out
  X:00E5H         SYMBOL        tmp
  -------         ENDDO         
  C:0D4AH         LINE#         98
  C:0D55H         LINE#         105
  C:0D6AH         LINE#         108
  C:0D71H         LINE#         109
  C:0D74H         LINE#         110
  C:0D89H         LINE#         111
  C:0D89H         LINE#         115
  C:0D9FH         LINE#         116
  C:0DBDH         LINE#         117
  C:0E01H         LINE#         118
  C:0E12H         LINE#         121
  C:0E28H         LINE#         122
  C:0E46H         LINE#         123
  C:0E8AH         LINE#         124
  C:0E9BH         LINE#         127
  C:0EB1H         LINE#         128
  C:0ECFH         LINE#         129
  C:0F13H         LINE#         130
  -------         ENDPROC       _KXTJ9_GET_ACCELERATION
  -------         ENDMOD        KXTJ9
BL51 BANKED LINKER/LOCATER V6.22                                                      11/10/2017  22:21:31  PAGE 16



  -------         MODULE        NVRF
  C:0000H         SYMBOL        _ICE_DUMMY_
  D:0094H         PUBLIC        PMLSB
  D:0080H         PUBLIC        P0
  D:0093H         PUBLIC        PMMSB
  D:0090H         PUBLIC        P1
  C:24AEH         PUBLIC        _nvrf_wr
  C:1E9DH         PUBLIC        nvrf_config
  C:24D9H         PUBLIC        Char_Channel
  C:24D7H         PUBLIC        macPANId
  C:227DH         PUBLIC        _nvrf_start
  C:24D5H         PUBLIC        macCoorShortAddr
  D:0091H         PUBLIC        PMINST
  C:24DAH         PUBLIC        macDevShortAddr
  C:2101H         PUBLIC        _wait1
  X:0000H         PUBLIC        payload
  C:2390H         PUBLIC        drill_buffer
  C:24CDH         PUBLIC        macCoorExtAddr
  C:2492H         PUBLIC        _PMU_conf
  D:0092H         PUBLIC        PMHSB
  -------         PROC          _WAIT1
  X:01F0H         SYMBOL        i
  X:01F2H         SYMBOL        j
  -------         DO            
  D:0006H         SYMBOL        m
  D:0004H         SYMBOL        n
  -------         ENDDO         
  C:2101H         LINE#         10
  C:210FH         LINE#         11
  C:210FH         LINE#         13
  C:2125H         LINE#         14
  C:213BH         LINE#         15
  C:2149H         LINE#         16
  -------         ENDPROC       _WAIT1
  C:24A8H         SYMBOL        L?0032
  -------         PROC          L?0031
  -------         ENDPROC       L?0031
  C:24A8H         SYMBOL        L?0032
  -------         PROC          _NVRF_WR
  D:0007H         SYMBOL        adr
  D:0005H         SYMBOL        dat
  C:24AEH         LINE#         27
  C:24AEH         LINE#         28
  C:24AEH         LINE#         29
  C:24B2H         LINE#         30
  C:24B7H         LINE#         31
  C:24BAH         LINE#         32
  -------         ENDPROC       _NVRF_WR
  -------         PROC          NVRF_CONFIG
  -------         DO            
  D:0002H         SYMBOL        i
  D:0001H         SYMBOL        adr
  -------         ENDDO         
  C:1E9DH         LINE#         35
  C:1E9DH         LINE#         36
  C:1E9DH         LINE#         37
BL51 BANKED LINKER/LOCATER V6.22                                                      11/10/2017  22:21:31  PAGE 17


  C:1EA0H         LINE#         38
  C:1EA1H         LINE#         39
  C:1EA1H         LINE#         40
  C:1EA1H         LINE#         41
  C:1EADH         LINE#         42
  C:1EAEH         LINE#         43
  C:1EB3H         LINE#         44
  C:1EB9H         LINE#         45
  C:1EBCH         LINE#         46
  C:1EBCH         LINE#         47
  C:1EBCH         LINE#         48
  C:1EC8H         LINE#         49
  C:1EC9H         LINE#         50
  C:1ECEH         LINE#         51
  C:1ED4H         LINE#         52
  C:1ED7H         LINE#         53
  C:1ED7H         LINE#         54
  C:1ED7H         LINE#         55
  C:1EE3H         LINE#         56
  C:1EE4H         LINE#         57
  C:1EE9H         LINE#         58
  C:1EEFH         LINE#         59
  C:1EFAH         LINE#         60
  C:1EFBH         LINE#         62
  C:1EFEH         LINE#         63
  C:1EFEH         LINE#         64
  C:1EFEH         LINE#         65
  C:1F0AH         LINE#         66
  C:1F0BH         LINE#         67
  C:1F10H         LINE#         68
  C:1F16H         LINE#         84
  -------         ENDPROC       NVRF_CONFIG
  -------         PROC          DRILL_BUFFER
  -------         DO            
  D:0006H         SYMBOL        i
  D:0005H         SYMBOL        adr
  -------         ENDDO         
  C:2390H         LINE#         88
  C:2390H         LINE#         89
  C:2390H         LINE#         90
  C:2393H         LINE#         91
  C:2395H         LINE#         93
  C:2395H         LINE#         94
  C:2395H         LINE#         95
  C:23A2H         LINE#         96
  C:23A7H         LINE#         97
  C:23AAH         LINE#         98
  C:23ABH         LINE#         99
  C:23B0H         LINE#         100
  C:23B6H         LINE#         118
  -------         ENDPROC       DRILL_BUFFER
  -------         PROC          _NVRF_START
  D:0002H         SYMBOL        length
  D:0003H         SYMBOL        nvrf_choice
  C:227DH         LINE#         121
  C:2281H         LINE#         122
  C:2281H         LINE#         123
BL51 BANKED LINKER/LOCATER V6.22                                                      11/10/2017  22:21:31  PAGE 18


  C:2284H         LINE#         124
  C:228FH         LINE#         125
  C:2293H         LINE#         126
  C:2293H         LINE#         127
  C:2296H         LINE#         128
  C:2299H         LINE#         129
  C:229CH         LINE#         130
  C:229CH         LINE#         131
  C:22ADH         LINE#         132
  C:22B0H         LINE#         133
  C:22B3H         LINE#         134
  -------         ENDPROC       _NVRF_START
  -------         PROC          _PMU_CONF
  D:0007H         SYMBOL        a
  D:0005H         SYMBOL        b
  D:0003H         SYMBOL        c
  X:01F7H         SYMBOL        d
  C:2492H         LINE#         138
  C:2492H         LINE#         139
  C:2492H         LINE#         140
  C:2496H         LINE#         141
  C:249AH         LINE#         142
  C:24A0H         LINE#         143
  C:24A2H         LINE#         144
  C:24A5H         LINE#         145
  C:24A7H         LINE#         146
  -------         ENDPROC       _PMU_CONF
  -------         ENDMOD        NVRF

  -------         MODULE        FFTMISC
  C:0000H         SYMBOL        _ICE_DUMMY_
  C:22E8H         PUBLIC        _NumberOfBitsNeeded
  C:2403H         PUBLIC        _IsPowerOfTwo
  C:2000H         PUBLIC        _ReverseBits
  C:0F24H         PUBLIC        _Index_to_frequency
  -------         PROC          _ISPOWEROFTWO
  D:0006H         SYMBOL        x
  C:2403H         LINE#         34
  C:2403H         LINE#         35
  C:2403H         LINE#         36
  C:240CH         LINE#         37
  C:240EH         LINE#         39
  C:241CH         LINE#         40
  C:2420H         LINE#         42
  C:2424H         LINE#         43
  -------         ENDPROC       _ISPOWEROFTWO
  -------         PROC          _NUMBEROFBITSNEEDED
  D:0004H         SYMBOL        PowerOfTwo
  -------         DO            
  D:0002H         SYMBOL        i
  -------         ENDDO         
  C:22E8H         LINE#         46
  C:22ECH         LINE#         47
  C:22ECH         LINE#         50
  C:22ECH         LINE#         51
  C:22ECH         LINE#         58
  C:22ECH         LINE#         60
BL51 BANKED LINKER/LOCATER V6.22                                                      11/10/2017  22:21:31  PAGE 19


  C:22EFH         LINE#         61
  C:22EFH         LINE#         62
  C:230AH         LINE#         63
  C:230FH         LINE#         64
  -------         ENDPROC       _NUMBEROFBITSNEEDED
  -------         PROC          _REVERSEBITS
  X:0137H         SYMBOL        index
  X:0139H         SYMBOL        NumBits
  -------         DO            
  D:0004H         SYMBOL        i
  X:013BH         SYMBOL        rev
  -------         ENDDO         
  C:2000H         LINE#         69
  C:200EH         LINE#         70
  C:200EH         LINE#         73
  C:2022H         LINE#         74
  C:2022H         LINE#         75
  C:2041H         LINE#         76
  C:204CH         LINE#         77
  C:2053H         LINE#         79
  C:205BH         LINE#         80
  -------         ENDPROC       _REVERSEBITS
  -------         PROC          _INDEX_TO_FREQUENCY
  X:01F8H         SYMBOL        NumSamples
  X:01FAH         SYMBOL        Index
  C:0F24H         LINE#         83
  C:0F32H         LINE#         84
  C:0F32H         LINE#         85
  C:0F38H         LINE#         86
  C:0F3EH         LINE#         87
  C:0F5AH         LINE#         88
  C:0F7CH         LINE#         90
  C:0FBFH         LINE#         91
  -------         ENDPROC       _INDEX_TO_FREQUENCY
  -------         ENDMOD        FFTMISC

  -------         MODULE        FOURIERF
  C:0000H         SYMBOL        _ICE_DUMMY_
  C:1000H         PUBLIC        _fft_float
  C:21D5H         SYMBOL        _CheckPointer
  C:21CDH         SYMBOL        L?0050
  -------         PROC          L?0049
  -------         ENDPROC       L?0049
  C:21CDH         SYMBOL        L?0050
  -------         PROC          _CHECKPOINTER
  X:0137H         SYMBOL        p
  X:013AH         SYMBOL        name
  C:21D5H         LINE#         29
  C:21E0H         LINE#         30
  C:21E0H         LINE#         31
  C:21EEH         LINE#         32
  C:21EEH         LINE#         35
  C:220AH         LINE#         36
  C:220AH         LINE#         37
  -------         ENDPROC       _CHECKPOINTER
  -------         PROC          _FFT_FLOAT
  X:00D9H         SYMBOL        NumSamples
BL51 BANKED LINKER/LOCATER V6.22                                                      11/10/2017  22:21:31  PAGE 20


  X:00DBH         SYMBOL        InverseTransform
  X:00DDH         SYMBOL        RealIn
  X:00E0H         SYMBOL        ImagIn
  X:00E3H         SYMBOL        RealOut
  X:00E6H         SYMBOL        ImagOut
  -------         DO            
  X:00E9H         SYMBOL        NumBits
  X:00EBH         SYMBOL        i
  X:00EDH         SYMBOL        j
  X:00EFH         SYMBOL        k
  X:00F1H         SYMBOL        n
  X:00F3H         SYMBOL        BlockSize
  X:00F5H         SYMBOL        BlockEnd
  X:00F7H         SYMBOL        angle_numerator
  X:00FBH         SYMBOL        tr
  X:00FFH         SYMBOL        ti
  -------         DO            
  X:0103H         SYMBOL        delta_angle
  X:0107H         SYMBOL        sm2
  X:010BH         SYMBOL        sm1
  X:010FH         SYMBOL        cm2
  X:0113H         SYMBOL        cm1
  X:0117H         SYMBOL        w
  X:011BH         SYMBOL        ar
  X:0127H         SYMBOL        ai
  X:0133H         SYMBOL        temp
  X:0103H         SYMBOL        denom
  -------         ENDDO         
  -------         DO            
  X:0103H         SYMBOL        denom
  -------         ENDDO         
  -------         ENDDO         
  C:1000H         LINE#         40
  C:1017H         LINE#         47
  C:1017H         LINE#         52
  C:1021H         LINE#         55
  C:102CH         LINE#         56
  C:102CH         LINE#         63
  C:102CH         LINE#         65
  C:1036H         LINE#         66
  C:104DH         LINE#         68
  C:1061H         LINE#         69
  C:1075H         LINE#         70
  C:1089H         LINE#         72
  C:109CH         LINE#         78
  C:10B9H         LINE#         79
  C:10B9H         LINE#         80
  C:10CCH         LINE#         81
  C:1122H         LINE#         82
  C:118CH         LINE#         83
  C:119CH         LINE#         89
  C:11A4H         LINE#         90
  C:11C5H         LINE#         91
  C:11C5H         LINE#         92
  C:11E8H         LINE#         93
  C:1208H         LINE#         94
  C:1222H         LINE#         95
BL51 BANKED LINKER/LOCATER V6.22                                                      11/10/2017  22:21:31  PAGE 21


  C:1242H         LINE#         96
  C:125CH         LINE#         97
  C:1279H         LINE#         101
  C:1298H         LINE#         102
  C:1298H         LINE#         103
  C:12ACH         LINE#         104
  C:12C0H         LINE#         106
  C:12D4H         LINE#         107
  C:12E8H         LINE#         109
  C:130EH         LINE#         110
  C:130EH         LINE#         111
  C:1344H         LINE#         112
  C:1356H         LINE#         113
  C:1368H         LINE#         115
  C:139EH         LINE#         116
  C:13B0H         LINE#         117
  C:13C2H         LINE#         119
  C:13DCH         LINE#         120
  C:145DH         LINE#         121
  C:14DEH         LINE#         123
  C:1545H         LINE#         124
  C:15ACH         LINE#         126
  C:15EFH         LINE#         127
  C:1632H         LINE#         128
  C:1650H         LINE#         129
  C:1666H         LINE#         131
  C:1674H         LINE#         132
  C:1682H         LINE#         138
  C:168EH         LINE#         139
  C:168EH         LINE#         140
  C:16A0H         LINE#         142
  C:16BFH         LINE#         143
  C:16BFH         LINE#         144
  C:16FEH         LINE#         145
  C:1741H         LINE#         146
  C:1751H         LINE#         147
  C:1751H         LINE#         148
  -------         ENDPROC       _FFT_FLOAT
  -------         ENDMOD        FOURIERF

  -------         MODULE        ?C?FPADD
  C:000AH         PUBLIC        ?C?FPADD
  C:0006H         PUBLIC        ?C?FPSUB
  -------         ENDMOD        ?C?FPADD

  -------         MODULE        ?C?FPMUL
  C:00FBH         PUBLIC        ?C?FPMUL
  -------         ENDMOD        ?C?FPMUL

  -------         MODULE        ?C?FPDIV
  C:0204H         PUBLIC        ?C?FPDIV
  -------         ENDMOD        ?C?FPDIV

  -------         MODULE        ?C?FPNEG
  C:02A1H         PUBLIC        ?C?FPNEG
  -------         ENDMOD        ?C?FPNEG

BL51 BANKED LINKER/LOCATER V6.22                                                      11/10/2017  22:21:31  PAGE 22


  -------         MODULE        ?C?FCAST
  C:02BCH         PUBLIC        ?C?FCASTC
  C:02B7H         PUBLIC        ?C?FCASTI
  C:02B2H         PUBLIC        ?C?FCASTL
  -------         ENDMOD        ?C?FCAST

  -------         MODULE        ?C?CASTF
  C:02F0H         PUBLIC        ?C?CASTF
  -------         ENDMOD        ?C?CASTF

  -------         MODULE        PRINTF
  X:013DH         PUBLIC        ?_PRINTF?BYTE
  X:013DH         PUBLIC        ?_SPRINTF?BYTE
  C:0932H         PUBLIC        _PRINTF
  C:092CH         PUBLIC        _SPRINTF
  -------         ENDMOD        PRINTF

  -------         MODULE        SIN
  C:179AH         PUBLIC        _COS
  C:17B0H         PUBLIC        _SIN
  C:17ECH         PUBLIC        _TAN
  -------         ENDMOD        SIN

  -------         MODULE        ?C?FPROUND
  C:0371H         PUBLIC        ?C?FPROUND
  -------         ENDMOD        ?C?FPROUND

  -------         MODULE        ?C?FPCONVERT
  C:03AEH         PUBLIC        ?C?FPCONVERT
  -------         ENDMOD        ?C?FPCONVERT

  -------         MODULE        ?C?FTNPWR
  C:0530H         PUBLIC        ?C?FTNPWR
  -------         ENDMOD        ?C?FTNPWR

  -------         MODULE        ?C?COPY
  C:0640H         PUBLIC        ?C?COPY
  -------         ENDMOD        ?C?COPY

  -------         MODULE        ?C?CLDPTR
  C:0666H         PUBLIC        ?C?CLDPTR
  -------         ENDMOD        ?C?CLDPTR

  -------         MODULE        ?C?CLDOPTR
  C:067FH         PUBLIC        ?C?CLDOPTR
  -------         ENDMOD        ?C?CLDOPTR

  -------         MODULE        ?C?CSTPTR
  C:06ACH         PUBLIC        ?C?CSTPTR
  -------         ENDMOD        ?C?CSTPTR

  -------         MODULE        ?C?CSTOPTR
  C:06BEH         PUBLIC        ?C?CSTOPTR
  -------         ENDMOD        ?C?CSTOPTR

  -------         MODULE        ?C?ILDIX
  C:06E0H         PUBLIC        ?C?ILDIX
BL51 BANKED LINKER/LOCATER V6.22                                                      11/10/2017  22:21:31  PAGE 23


  -------         ENDMOD        ?C?ILDIX

  -------         MODULE        ?C?ILDPTR
  C:06F6H         PUBLIC        ?C?ILDPTR
  -------         ENDMOD        ?C?ILDPTR

  -------         MODULE        ?C?ISTPTR
  C:0721H         PUBLIC        ?C?ISTPTR
  -------         ENDMOD        ?C?ISTPTR

  -------         MODULE        ?C?LNEG
  C:0740H         PUBLIC        ?C?LNEG
  -------         ENDMOD        ?C?LNEG

  -------         MODULE        ?C?LLDPTR
  C:074EH         PUBLIC        ?C?LLDPTR
  -------         ENDMOD        ?C?LLDPTR

  -------         MODULE        ?C?LLDOPTR
  C:076EH         PUBLIC        ?C?LLDOPTR
  -------         ENDMOD        ?C?LLDOPTR

  -------         MODULE        ?C?LSTPTR
  C:079EH         PUBLIC        ?C?LSTPTR
  -------         ENDMOD        ?C?LSTPTR

  -------         MODULE        ?C?LSTOPTR
  C:07B8H         PUBLIC        ?C?LSTOPTR
  -------         ENDMOD        ?C?LSTOPTR

  -------         MODULE        ?C?LLDCODE
  C:07DCH         PUBLIC        ?C?LLDCODE
  -------         ENDMOD        ?C?LLDCODE

  -------         MODULE        ?C?LLDXDATA0
  C:07ECH         PUBLIC        ?C?LLDXDATA0
  -------         ENDMOD        ?C?LLDXDATA0

  -------         MODULE        ?C?LLDCODE0
  C:07F8H         PUBLIC        ?C?LLDCODE0
  -------         ENDMOD        ?C?LLDCODE0

  -------         MODULE        ?C?LSTXDATA
  C:0808H         PUBLIC        ?C?LSTXDATA
  -------         ENDMOD        ?C?LSTXDATA

  -------         MODULE        ?C?LSTKXDATA
  C:0814H         PUBLIC        ?C?LSTKXDATA
  -------         ENDMOD        ?C?LSTKXDATA

  -------         MODULE        ?C?PLDIXDATA
  C:0845H         PUBLIC        ?C?PLDIXDATA
  -------         ENDMOD        ?C?PLDIXDATA

  -------         MODULE        ?C?PSTXDATA
  C:085CH         PUBLIC        ?C?PSTXDATA
  -------         ENDMOD        ?C?PSTXDATA
BL51 BANKED LINKER/LOCATER V6.22                                                      11/10/2017  22:21:31  PAGE 24



  -------         MODULE        ?C?CCASE
  C:0865H         PUBLIC        ?C?CCASE
  -------         ENDMOD        ?C?CCASE

  -------         MODULE        PUTCHAR
  C:23B7H         PUBLIC        _PUTCHAR
  -------         ENDMOD        PUTCHAR

  -------         MODULE        ?C?LLDIDATA
  C:088BH         PUBLIC        ?C?LLDIDATA
  -------         ENDMOD        ?C?LLDIDATA

  -------         MODULE        ?C?LLDXDATA
  C:0897H         PUBLIC        ?C?LLDXDATA
  -------         ENDMOD        ?C?LLDXDATA

  -------         MODULE        ?C?LLDPDATA
  C:08A3H         PUBLIC        ?C?LLDPDATA
  -------         ENDMOD        ?C?LLDPDATA

  -------         MODULE        ?C?LSTIDATA
  C:08AFH         PUBLIC        ?C?LSTIDATA
  -------         ENDMOD        ?C?LSTIDATA

  -------         MODULE        ?C?LSTPDATA
  C:08BBH         PUBLIC        ?C?LSTPDATA
  -------         ENDMOD        ?C?LSTPDATA

*** WARNING L16: UNCALLED SEGMENT, IGNORED FOR OVERLAY PROCESS
    SEGMENT: ?PR?_WAIT?DELAY

*** WARNING L16: UNCALLED SEGMENT, IGNORED FOR OVERLAY PROCESS
    SEGMENT: ?PR?_DELAYMS?DELAY

*** WARNING L16: UNCALLED SEGMENT, IGNORED FOR OVERLAY PROCESS
    SEGMENT: ?PR?HT1621_INIT?LCD

*** WARNING L16: UNCALLED SEGMENT, IGNORED FOR OVERLAY PROCESS
    SEGMENT: ?PR?_LCD_SHOW?LCD

*** WARNING L16: UNCALLED SEGMENT, IGNORED FOR OVERLAY PROCESS
    SEGMENT: ?PR?_CRC_PACKET?MAIN_TRANSMITTER

*** WARNING L16: UNCALLED SEGMENT, IGNORED FOR OVERLAY PROCESS
    SEGMENT: ?PR?_SEND_MESSAGE_PREPARE?MAIN_TRANSMITTER

*** WARNING L16: UNCALLED SEGMENT, IGNORED FOR OVERLAY PROCESS
    SEGMENT: ?PR?_SEND_MESSAGE_16_ADD?MAIN_TRANSMITTER

*** WARNING L16: UNCALLED SEGMENT, IGNORED FOR OVERLAY PROCESS
    SEGMENT: ?PR?NVRF_CONFIG?NVRF

*** WARNING L16: UNCALLED SEGMENT, IGNORED FOR OVERLAY PROCESS
    SEGMENT: ?PR?DRILL_BUFFER?NVRF

*** WARNING L16: UNCALLED SEGMENT, IGNORED FOR OVERLAY PROCESS
BL51 BANKED LINKER/LOCATER V6.22                                                      11/10/2017  22:21:31  PAGE 25


    SEGMENT: ?PR?_NVRF_START?NVRF

*** WARNING L16: UNCALLED SEGMENT, IGNORED FOR OVERLAY PROCESS
    SEGMENT: ?PR?_PMU_CONF?NVRF

*** WARNING L16: UNCALLED SEGMENT, IGNORED FOR OVERLAY PROCESS
    SEGMENT: ?PR?_INDEX_TO_FREQUENCY?FFTMISC

Program Size: data=15.1 xdata=512 code=9468
LINK/LOCATE RUN COMPLETE.  12 WARNING(S),  0 ERROR(S)
